// Jest Snapshot v1, https://goo.gl/fbAQLP

exports[`Image component render correctly Tag component 1`] = `
ReactWrapper {
  Symbol(enzyme.__unrendered__): <Image
    path="path"
  />,
  Symbol(enzyme.__renderer__): Object {
    "batchedUpdates": [Function],
    "getNode": [Function],
    "render": [Function],
    "simulateError": [Function],
    "simulateEvent": [Function],
    "unmount": [Function],
  },
  Symbol(enzyme.__root__): [Circular],
  Symbol(enzyme.__node__): Object {
    "instance": null,
    "key": undefined,
    "nodeType": "function",
    "props": Object {
      "path": "path",
    },
    "ref": null,
    "rendered": Object {
      "instance": <img
        alt=""
        src="path"
      />,
      "key": undefined,
      "nodeType": "host",
      "props": Object {
        "alt": "",
        "src": "path",
      },
      "ref": null,
      "rendered": Array [
        undefined,
      ],
      "type": "img",
    },
    "type": [Function],
  },
  Symbol(enzyme.__nodes__): Array [
    Object {
      "instance": null,
      "key": undefined,
      "nodeType": "function",
      "props": Object {
        "path": "path",
      },
      "ref": null,
      "rendered": Object {
        "instance": <img
          alt=""
          src="path"
        />,
        "key": undefined,
        "nodeType": "host",
        "props": Object {
          "alt": "",
          "src": "path",
        },
        "ref": null,
        "rendered": Array [
          undefined,
        ],
        "type": "img",
      },
      "type": [Function],
    },
  ],
  Symbol(enzyme.__options__): Object {
    "adapter": ReactSixteenAdapter {
      "options": Object {
        "enableComponentDidUpdateOnSetState": true,
        "legacyContextMode": "parent",
        "lifecycles": Object {
          "componentDidUpdate": Object {
            "onSetState": true,
          },
          "getChildContext": Object {
            "calledByRenderer": false,
          },
          "getDerivedStateFromProps": true,
          "getSnapshotBeforeUpdate": true,
          "setState": Object {
            "skipsComponentDidUpdateOnNullish": true,
          },
        },
      },
    },
  },
}
`;
