// Jest Snapshot v1, https://goo.gl/fbAQLP

exports[`Tag component render correctly Tag component 1`] = `
ReactWrapper {
  Symbol(enzyme.__unrendered__): <Tag
    name="name"
  />,
  Symbol(enzyme.__renderer__): Object {
    "batchedUpdates": [Function],
    "getNode": [Function],
    "render": [Function],
    "simulateError": [Function],
    "simulateEvent": [Function],
    "unmount": [Function],
  },
  Symbol(enzyme.__root__): [Circular],
  Symbol(enzyme.__node__): Object {
    "instance": null,
    "key": undefined,
    "nodeType": "function",
    "props": Object {
      "name": "name",
    },
    "ref": null,
    "rendered": Object {
      "instance": <div
        class="tag-section"
      >
        name
      </div>,
      "key": undefined,
      "nodeType": "host",
      "props": Object {
        "children": "name",
        "className": "tag-section",
      },
      "ref": null,
      "rendered": Array [
        "name",
      ],
      "type": "div",
    },
    "type": [Function],
  },
  Symbol(enzyme.__nodes__): Array [
    Object {
      "instance": null,
      "key": undefined,
      "nodeType": "function",
      "props": Object {
        "name": "name",
      },
      "ref": null,
      "rendered": Object {
        "instance": <div
          class="tag-section"
        >
          name
        </div>,
        "key": undefined,
        "nodeType": "host",
        "props": Object {
          "children": "name",
          "className": "tag-section",
        },
        "ref": null,
        "rendered": Array [
          "name",
        ],
        "type": "div",
      },
      "type": [Function],
    },
  ],
  Symbol(enzyme.__options__): Object {
    "adapter": ReactSixteenAdapter {
      "options": Object {
        "enableComponentDidUpdateOnSetState": true,
        "legacyContextMode": "parent",
        "lifecycles": Object {
          "componentDidUpdate": Object {
            "onSetState": true,
          },
          "getChildContext": Object {
            "calledByRenderer": false,
          },
          "getDerivedStateFromProps": true,
          "getSnapshotBeforeUpdate": true,
          "setState": Object {
            "skipsComponentDidUpdateOnNullish": true,
          },
        },
      },
    },
  },
}
`;
